#-----------------------------------------------------------
# Vivado v2018.1 (64-bit)
# SW Build 2188600 on Wed Apr  4 18:40:38 MDT 2018
# IP Build 2185939 on Wed Apr  4 20:55:05 MDT 2018
# Start of session at: Tue Jun 19 23:24:00 2018
# Process ID: 14368
# Current directory: D:/PANDA/Study/VE270/Lab/Lab4/Lab4
# Command line: vivado.exe -gui_launcher_event rodinguilauncherevent16304 D:\PANDA\Study\VE270\Lab\Lab4\Lab4\Lab4.xpr
# Log file: D:/PANDA/Study/VE270/Lab/Lab4/Lab4/vivado.log
# Journal file: D:/PANDA/Study/VE270/Lab/Lab4/Lab4\vivado.jou
#-----------------------------------------------------------
start_gui
open_project D:/PANDA/Study/VE270/Lab/Lab4/Lab4/Lab4.xpr
update_compile_order -fileset sources_1
open_hw
close_hw
launch_simulation
source lab4test.tcl
reset_run synth_1
launch_runs synth_1 -jobs 4
wait_on_run synth_1
launch_runs impl_1 -jobs 4
wait_on_run impl_1
open_run impl_1
open_run impl_1
set_property IOSTANDARD LVCMOS33 [get_ports [list {x[3]} {x[2]} {x[1]} {x[0]}]]
place_ports {x[3]} V19
place_ports {x[2]} U19
place_ports {x[1]} E19
place_ports {x[0]} U16
place_ports clk W16
place_ports reset V16
place_ports ud V17
set_property IOSTANDARD LVCMOS33 [get_ports [list clk]]
set_property IOSTANDARD LVCMOS33 [get_ports [list reset]]
set_property IOSTANDARD LVCMOS33 [get_ports [list ud]]
close [ open D:/PANDA/Study/VE270/Lab/Lab4/Lab4/Lab4.srcs/constrs_1/new/extension.xdc w ]
add_files -fileset constrs_1 D:/PANDA/Study/VE270/Lab/Lab4/Lab4/Lab4.srcs/constrs_1/new/extension.xdc
set_property target_constrs_file D:/PANDA/Study/VE270/Lab/Lab4/Lab4/Lab4.srcs/constrs_1/new/extension.xdc [current_fileset -constrset]
save_constraints -force
reset_run synth_1
launch_runs synth_1 -jobs 4
wait_on_run synth_1
launch_runs impl_1 -jobs 4
wait_on_run impl_1
reset_run synth_1
launch_runs synth_1 -jobs 4
wait_on_run synth_1
launch_runs impl_1 -jobs 4
wait_on_run impl_1
reset_run synth_1
launch_runs synth_1 -jobs 4
wait_on_run synth_1
launch_runs impl_1 -jobs 4
wait_on_run impl_1
reset_run synth_1
launch_runs impl_1 -jobs 4
wait_on_run impl_1
reset_run synth_1
launch_runs synth_1 -jobs 4
wait_on_run synth_1
launch_runs impl_1 -jobs 4
wait_on_run impl_1
reset_run synth_1
launch_runs synth_1 -jobs 4
wait_on_run synth_1
launch_runs impl_1 -jobs 4
wait_on_run impl_1
reset_run impl_1 -prev_step 
reset_run synth_1
launch_runs synth_1 -jobs 4
wait_on_run synth_1
launch_runs impl_1 -jobs 4
wait_on_run impl_1
launch_runs impl_1 -to_step write_bitstream -jobs 4
wait_on_run impl_1
open_hw
connect_hw_server
open_hw_target
set_property PROGRAM.FILE {D:/PANDA/Study/VE270/Lab/Lab4/Lab4/Lab4.runs/impl_1/lab4.bit} [get_hw_devices xc7a35t_0]
current_hw_device [get_hw_devices xc7a35t_0]
refresh_hw_device -update_hw_probes false [lindex [get_hw_devices xc7a35t_0] 0]
set_property PROBES.FILE {} [get_hw_devices xc7a35t_0]
set_property FULL_PROBES.FILE {} [get_hw_devices xc7a35t_0]
set_property PROGRAM.FILE {D:/PANDA/Study/VE270/Lab/Lab4/Lab4/Lab4.runs/impl_1/lab4.bit} [get_hw_devices xc7a35t_0]
program_hw_devices [get_hw_devices xc7a35t_0]
refresh_hw_device [lindex [get_hw_devices xc7a35t_0] 0]
close_sim
